\BOOKMARK [1][-]{Doc-Start}{\376\377\000E\000l\000e\000c\000t\000r\000i\000c\000i\000t\000\351}{}% 1
\BOOKMARK [2][-]{section*.1}{\376\377\000C\000C\000I\000N\000P}{Doc-Start}% 2
\BOOKMARK [2][-]{Item.26}{\376\377\000M\000i\000n\000e\000s\000-\000T\000\351\000l\000\351\000c\000o\000m}{Doc-Start}% 3
\BOOKMARK [2][-]{Item.27}{\376\377\000C\000e\000n\000t\000r\000a\000l\000e\000-\000S\000u\000p\000\351\000l\000e\000c}{Doc-Start}% 4
\BOOKMARK [2][-]{Item.29}{\376\377\000M\000i\000n\000e\000s\000-\000P\000o\000n\000t\000s}{Doc-Start}% 5
\BOOKMARK [1][-]{Item.35}{\376\377\000E\000l\000e\000c\000t\000r\000o\000m\000a\000g\000n\000\351\000t\000i\000s\000m\000e}{}% 6
\BOOKMARK [2][-]{section*.2}{\376\377\000C\000C\000I\000N\000P}{Item.35}% 7
\BOOKMARK [2][-]{Item.82}{\376\377\000M\000i\000n\000e\000s\000-\000T\000\351\000l\000\351\000c\000o\000m}{Item.35}% 8
\BOOKMARK [2][-]{Item.92}{\376\377\000C\000e\000n\000t\000r\000a\000l\000e\000-\000S\000u\000p\000\351\000l\000e\000c}{Item.35}% 9
\BOOKMARK [2][-]{Item.105}{\376\377\000M\000i\000n\000e\000s\000-\000P\000o\000n\000t\000s}{Item.35}% 10
\BOOKMARK [2][-]{Item.126}{\376\377\000X\000-\000E\000N\000S}{Item.35}% 11
\BOOKMARK [1][-]{Item.130}{\376\377\000C\000h\000i\000m\000i\000e}{}% 12
\BOOKMARK [2][-]{section*.3}{\376\377\000C\000C\000I\000N\000P}{Item.130}% 13
\BOOKMARK [2][-]{Item.158}{\376\377\000C\000e\000n\000t\000r\000a\000l\000e\000-\000S\000u\000p\000\351\000l\000e\000c}{Item.130}% 14
\BOOKMARK [1][-]{Item.186}{\376\377\000M\000\351\000c\000a\000n\000i\000q\000u\000e}{}% 15
\BOOKMARK [2][-]{section*.4}{\376\377\000Q\000u\000e\000s\000t\000i\000o\000n\000s\000\040\000d\000e\000\040\000C\000o\000u\000r\000s}{Item.186}% 16
\BOOKMARK [2][-]{Item.189}{\376\377\000R\000\351\000s\000o\000l\000u\000t\000i\000o\000n\000s\000\040\000d\000e\000\040\000p\000r\000o\000b\000l\000\350\000m\000e\000s}{Item.186}% 17
\BOOKMARK [2][-]{Item.189}{\376\377\000C\000C\000I\000N\000P}{Item.186}% 18
\BOOKMARK [2][-]{Item.191}{\376\377\000M\000i\000n\000e\000s\000-\000T\000\351\000l\000\351\000c\000o\000m}{Item.186}% 19
\BOOKMARK [2][-]{Item.194}{\376\377\000C\000e\000n\000t\000r\000a\000l\000e\000-\000S\000u\000p\000\351\000l\000e\000c}{Item.186}% 20
\BOOKMARK [2][-]{Item.205}{\376\377\000M\000i\000n\000e\000s\000-\000P\000o\000n\000t\000s}{Item.186}% 21
\BOOKMARK [1][-]{Item.226}{\376\377\000O\000p\000t\000i\000q\000u\000e}{}% 22
\BOOKMARK [2][-]{section*.5}{\376\377\000C\000C\000I\000N\000P}{Item.226}% 23
\BOOKMARK [2][-]{Item.252}{\376\377\000M\000i\000n\000e\000s\000-\000T\000\351\000l\000\351\000c\000o\000m}{Item.226}% 24
\BOOKMARK [2][-]{Item.257}{\376\377\000C\000e\000n\000t\000r\000a\000l\000e\000-\000S\000u\000p\000\351\000l\000e\000c}{Item.226}% 25
\BOOKMARK [2][-]{Item.271}{\376\377\000M\000i\000n\000e\000s\000-\000P\000o\000n\000t\000s}{Item.226}% 26
\BOOKMARK [1][-]{Item.280}{\376\377\000T\000h\000e\000r\000m\000o\000d\000y\000n\000a\000m\000i\000q\000u\000e}{}% 27
\BOOKMARK [2][-]{section*.6}{\376\377\000Q\000u\000e\000s\000t\000i\000o\000n\000s\000\040\000d\000e\000\040\000C\000o\000u\000r\000s}{Item.280}% 28
\BOOKMARK [2][-]{Item.281}{\376\377\000R\000\351\000s\000o\000l\000u\000t\000i\000o\000n\000s\000\040\000d\000e\000\040\000p\000r\000o\000b\000l\000\350\000m\000e\000s}{Item.280}% 29
\BOOKMARK [2][-]{Item.281}{\376\377\000C\000C\000I\000N\000P}{Item.280}% 30
\BOOKMARK [2][-]{Item.291}{\376\377\000M\000i\000n\000e\000s\000-\000T\000\351\000l\000\351\000c\000o\000m}{Item.280}% 31
\BOOKMARK [2][-]{Item.296}{\376\377\000M\000i\000n\000e\000s\000-\000P\000o\000n\000t\000s}{Item.280}% 32
\BOOKMARK [2][-]{Item.306}{\376\377\000C\000e\000n\000t\000r\000a\000l\000e\000-\000S\000u\000p\000\351\000l\000e\000c}{Item.280}% 33
\BOOKMARK [1][-]{Item.311}{\376\377\000M\000\351\000c\000a\000n\000i\000q\000u\000e\000\040\000Q\000u\000a\000n\000t\000i\000q\000u\000e}{}% 34
\BOOKMARK [2][-]{section*.7}{\376\377\000C\000C\000I\000N\000P}{Item.311}% 35
\BOOKMARK [2][-]{Item.321}{\376\377\000M\000i\000n\000e\000s\000-\000T\000\351\000l\000\351\000c\000o\000m}{Item.311}% 36
\BOOKMARK [2][-]{Item.327}{\376\377\000C\000e\000n\000t\000r\000a\000l\000e\000-\000S\000u\000p\000\351\000l\000e\000c}{Item.311}% 37
\BOOKMARK [2][-]{Item.339}{\376\377\000M\000i\000n\000e\000s\000-\000P\000o\000n\000t\000s}{Item.311}% 38
\BOOKMARK [1][-]{Item.346}{\376\377\000P\000h\000y\000s\000i\000q\000u\000e\000\040\000S\000t\000a\000t\000i\000s\000t\000i\000q\000u\000e}{}% 39
\BOOKMARK [2][-]{section*.8}{\376\377\000C\000C\000I\000N\000P}{Item.346}% 40
\BOOKMARK [2][-]{Item.362}{\376\377\000M\000i\000n\000e\000s\000-\000P\000o\000n\000t\000s}{Item.346}% 41
