\BOOKMARK [1][-]{bclogocompteur.1}{\376\377\000E\000l\000e\000c\000t\000r\000i\000c\000i\000t\000\351}{}% 1
\BOOKMARK [2][-]{section*.1}{\376\377\000C\000C\000I\000N\000P}{bclogocompteur.1}% 2
\BOOKMARK [2][-]{Item.26}{\376\377\000M\000i\000n\000e\000s\000-\000T\000\351\000l\000\351\000c\000o\000m}{bclogocompteur.1}% 3
\BOOKMARK [2][-]{Item.27}{\376\377\000C\000e\000n\000t\000r\000a\000l\000e\000-\000S\000u\000p\000\351\000l\000e\000c}{bclogocompteur.1}% 4
\BOOKMARK [2][-]{Item.29}{\376\377\000M\000i\000n\000e\000s\000-\000P\000o\000n\000t\000s}{bclogocompteur.1}% 5
\BOOKMARK [1][-]{Item.35}{\376\377\000E\000l\000e\000c\000t\000r\000o\000m\000a\000g\000n\000\351\000t\000i\000s\000m\000e}{}% 6
\BOOKMARK [2][-]{section*.2}{\376\377\000C\000C\000I\000N\000P}{Item.35}% 7
\BOOKMARK [2][-]{Item.82}{\376\377\000M\000i\000n\000e\000s\000-\000T\000\351\000l\000\351\000c\000o\000m}{Item.35}% 8
\BOOKMARK [2][-]{Item.92}{\376\377\000C\000e\000n\000t\000r\000a\000l\000e\000-\000S\000u\000p\000\351\000l\000e\000c}{Item.35}% 9
\BOOKMARK [2][-]{Item.105}{\376\377\000M\000i\000n\000e\000s\000-\000P\000o\000n\000t\000s}{Item.35}% 10
\BOOKMARK [2][-]{Item.126}{\376\377\000X\000-\000E\000N\000S}{Item.35}% 11
\BOOKMARK [1][-]{Item.130}{\376\377\000C\000h\000i\000m\000i\000e}{}% 12
\BOOKMARK [2][-]{section*.3}{\376\377\000C\000C\000I\000N\000P}{Item.130}% 13
\BOOKMARK [2][-]{Item.158}{\376\377\000C\000e\000n\000t\000r\000a\000l\000e\000-\000S\000u\000p\000\351\000l\000e\000c}{Item.130}% 14
\BOOKMARK [1][-]{Item.186}{\376\377\000M\000\351\000c\000a\000n\000i\000q\000u\000e}{}% 15
\BOOKMARK [2][-]{section*.4}{\376\377\000C\000C\000I\000N\000P}{Item.186}% 16
\BOOKMARK [2][-]{Item.188}{\376\377\000M\000i\000n\000e\000s\000-\000T\000\351\000l\000\351\000c\000o\000m}{Item.186}% 17
\BOOKMARK [2][-]{Item.191}{\376\377\000C\000e\000n\000t\000r\000a\000l\000e\000-\000S\000u\000p\000\351\000l\000e\000c}{Item.186}% 18
\BOOKMARK [2][-]{Item.202}{\376\377\000M\000i\000n\000e\000s\000-\000P\000o\000n\000t\000s}{Item.186}% 19
\BOOKMARK [1][-]{Item.223}{\376\377\000O\000p\000t\000i\000q\000u\000e}{}% 20
\BOOKMARK [2][-]{section*.5}{\376\377\000C\000C\000I\000N\000P}{Item.223}% 21
\BOOKMARK [2][-]{Item.249}{\376\377\000M\000i\000n\000e\000s\000-\000T\000\351\000l\000\351\000c\000o\000m}{Item.223}% 22
\BOOKMARK [2][-]{Item.254}{\376\377\000C\000e\000n\000t\000r\000a\000l\000e\000-\000S\000u\000p\000\351\000l\000e\000c}{Item.223}% 23
\BOOKMARK [2][-]{Item.268}{\376\377\000M\000i\000n\000e\000s\000-\000P\000o\000n\000t\000s}{Item.223}% 24
\BOOKMARK [1][-]{Item.277}{\376\377\000T\000h\000e\000r\000m\000o\000d\000y\000n\000a\000m\000i\000q\000u\000e}{}% 25
\BOOKMARK [2][-]{section*.6}{\376\377\000C\000C\000I\000N\000P}{Item.277}% 26
\BOOKMARK [2][-]{Item.287}{\376\377\000M\000i\000n\000e\000s\000-\000T\000\351\000l\000\351\000c\000o\000m}{Item.277}% 27
\BOOKMARK [2][-]{Item.292}{\376\377\000M\000i\000n\000e\000s\000-\000P\000o\000n\000t\000s}{Item.277}% 28
\BOOKMARK [2][-]{Item.302}{\376\377\000C\000e\000n\000t\000r\000a\000l\000e\000-\000S\000u\000p\000\351\000l\000e\000c}{Item.277}% 29
\BOOKMARK [1][-]{Item.307}{\376\377\000M\000\351\000c\000a\000n\000i\000q\000u\000e\000\040\000Q\000u\000a\000n\000t\000i\000q\000u\000e}{}% 30
\BOOKMARK [2][-]{section*.7}{\376\377\000C\000C\000I\000N\000P}{Item.307}% 31
\BOOKMARK [2][-]{Item.317}{\376\377\000M\000i\000n\000e\000s\000-\000T\000\351\000l\000\351\000c\000o\000m}{Item.307}% 32
\BOOKMARK [2][-]{Item.323}{\376\377\000C\000e\000n\000t\000r\000a\000l\000e\000-\000S\000u\000p\000\351\000l\000e\000c}{Item.307}% 33
\BOOKMARK [2][-]{Item.335}{\376\377\000M\000i\000n\000e\000s\000-\000P\000o\000n\000t\000s}{Item.307}% 34
\BOOKMARK [1][-]{Item.342}{\376\377\000P\000h\000y\000s\000i\000q\000u\000e\000\040\000S\000t\000a\000t\000i\000s\000t\000i\000q\000u\000e}{}% 35
\BOOKMARK [2][-]{section*.8}{\376\377\000C\000C\000I\000N\000P}{Item.342}% 36
\BOOKMARK [2][-]{Item.358}{\376\377\000M\000i\000n\000e\000s\000-\000P\000o\000n\000t\000s}{Item.342}% 37
